Training<lv=5 fail=0% spd=26 pow=14 ski=3 ptn=spd@4>