Training<lv=5 fail=0% gut=17 spd=6 pow=6 ski=2 ptn=sta@5>