Training<lv=1 fail=0% gut=12 pow=8 spd=6 ski=5 ptn=spd@1^(0%),pow@1^(0%)>