Training<lv=1 fail=0% gut=11 pow=8 spd=4 ski=4 ptn=spd@2(0%),gut^(0%),pow@2^(0%)>