Training<lv=5 fail=5% gut=16 spd=7 pow=6 ski=2 ptn=spd@5!>