Training<lv=1 fail=44% wis=20 ski=11 spd=7 ptn=spd@1(49%),spd@4^^(100%)>