{
  "ctx": {
    "date": [
      4,
      0,
      0
    ],
    "mood": "VERY_GOOD",
    "scenario": "Make a new track!!  ～クライマックス開幕～",
    "vitality": 0.7198067632850241,
    "maxVitality": 100,
    "speed": 1200,
    "stamina": 805,
    "power": 781,
    "guts": 506,
    "wisdom": 405,
    "fanCount": 0,
    "turf": "",
    "dart": "",
    "sprint": "",
    "mile": "",
    "intermediate": "",
    "long": "",
    "last": "",
    "middle": "",
    "head": "",
    "lead": "",
    "conditions": [],
    "gradePoint": 0,
    "shopCoin": 149
  },
  "scene": {
    "hasHealthCare": false,
    "hasScheduledRace": false,
    "canGoOutWithFriend": false,
    "hasShop": true
  }
}