{
  "ctx": {
    "date": [
      2,
      2,
      2
    ],
    "mood": "VERY_GOOD",
    "scenario": "Make a new track!!  ～クライマックス開幕～",
    "vitality": 0.6763285024154589,
    "maxVitality": 100,
    "speed": 323,
    "stamina": 401,
    "power": 318,
    "guts": 227,
    "wisdom": 155,
    "fanCount": 0,
    "turf": "",
    "dart": "",
    "sprint": "",
    "mile": "",
    "intermediate": "",
    "long": "",
    "last": "",
    "middle": "",
    "head": "",
    "lead": "",
    "conditions": [],
    "gradePoint": 0,
    "shopCoin": 30
  },
  "scene": {
    "hasHealthCare": false,
    "hasScheduledRace": false,
    "canGoOutWithFriend": true,
    "hasShop": true
  }
}