Context<scenario=新設！　URAファイナルズ！！,turn=68,mood=(1.2, 1.1),vit=0.836,spd=1200,sta=753,pow=616,gut=364,wis=326,fan=0,ground=,distance=,style=,condition=0>