{
  "items": [
    {
      "id": 52,
      "name": "蹄鉄ハンマー・極",
      "price": 40
    },
    {
      "id": 11,
      "name": "スピード秘伝書",
      "price": 30
    },
    {
      "id": 11,
      "name": "スピード秘伝書",
      "price": 30
    },
    {
      "id": 46,
      "name": "スピードアンクルウェイト",
      "price": 50
    },
    {
      "id": 31,
      "name": "ポケットスケジュール帳",
      "price": 15
    }
  ]
}