{
  "items": [
    {
      "id": 23,
      "name": "スイートカップケーキ",
      "price": 49
    },
    {
      "id": 51,
      "name": "蹄鉄ハンマー・匠",
      "price": 22
    },
    {
      "id": 47,
      "name": "スタミナアンクルウェイト",
      "price": 45
    },
    {
      "id": 46,
      "name": "スピードアンクルウェイト",
      "price": 45
    }
  ]
}