{
  "items": [
    {
      "id": 7,
      "name": "スタミナ戦術書",
      "price": 15
    },
    {
      "id": 43,
      "name": "チアメガホン",
      "price": 40
    },
    {
      "id": 28,
      "name": "効率練習のススメ",
      "price": 150
    },
    {
      "id": 38,
      "name": "スタミナトレーニング嘆願書",
      "price": 150
    }
  ]
}