{
  "items": [
    {
      "id": 13,
      "name": "パワー秘伝書",
      "price": 30
    },
    {
      "id": 10,
      "name": "賢さ戦術書",
      "price": 15
    },
    {
      "id": 50,
      "name": "健康祈願のお守り",
      "price": 40
    },
    {
      "id": 51,
      "name": "蹄鉄ハンマー・匠",
      "price": 25
    }
  ]
}