{
  "items": [
    {
      "id": 19,
      "name": "ロイヤルビタージュース",
      "price": 70
    },
    {
      "id": 14,
      "name": "根性秘伝書",
      "price": 30
    },
    {
      "id": 50,
      "name": "健康祈願のお守り",
      "price": 40
    }
  ]
}