{
  "items": [
    {
      "id": 51,
      "name": "蹄鉄ハンマー・匠",
      "price": 25
    },
    {
      "id": 12,
      "name": "スタミナ秘伝書",
      "price": 30
    },
    {
      "id": 12,
      "name": "スタミナ秘伝書",
      "price": 30
    },
    {
      "id": 7,
      "name": "スタミナ戦術書",
      "price": 15
    },
    {
      "id": 50,
      "name": "健康祈願のお守り",
      "price": 40
    }
  ]
}