{
  "items": [
    {
      "id": 46,
      "name": "スピードアンクルウェイト",
      "price": 45
    },
    {
      "id": 44,
      "name": "スパルタメガホン",
      "price": 49
    },
    {
      "id": 7,
      "name": "スタミナ戦術書",
      "price": 13
    },
    {
      "id": 15,
      "name": "賢さ秘伝書",
      "price": 30
    }
  ]
}