{
  "items": [
    {
      "id": 3,
      "name": "パワーのメモ帳",
      "price": 10
    },
    {
      "id": 32,
      "name": "うるおいハンドクリーム",
      "price": 13
    },
    {
      "id": 23,
      "name": "スイートカップケーキ",
      "price": 49
    },
    {
      "id": 48,
      "name": "パワーアンクルウェイト",
      "price": 45
    },
    {
      "id": 43,
      "name": "チアメガホン",
      "price": 36
    }
  ]
}