{
  "items": [
    {
      "id": 31,
      "name": "ポケットスケジュール帳",
      "quantity": 1,
      "disabled": true
    },
    {
      "id": 35,
      "name": "練習改善DVD",
      "quantity": 1,
      "disabled": true
    },
    {
      "id": 36,
      "name": "ナンデモナオール",
      "quantity": 1,
      "disabled": true
    },
    {
      "id": 43,
      "name": "チアメガホン",
      "quantity": 1,
      "disabled": false
    },
    {
      "id": 47,
      "name": "スタミナアンクルウェイト",
      "quantity": 1,
      "disabled": false
    },
    {
      "id": 51,
      "name": "蹄鉄ハンマー・匠",
      "quantity": 1,
      "disabled": false
    },
    {
      "id": 52,
      "name": "蹄鉄ハンマー・極",
      "quantity": 1,
      "disabled": false
    }
  ]
}