{
  "stadium": "中京",
  "name": "昇竜ステークス",
  "grade": 400,
  "ground": 2,
  "distance": 1400,
  "permission": 2,
  "month": 3,
  "half": 1,
  "entryCount": 16,
  "track": 1,
  "turn": 2,
  "targetStatuses": [],
  "minFanCount": 350,
  "fanCounts": [
    1800,
    720,
    450,
    270,
    180,
    162,
    144,
    126,
    108,
    90,
    72,
    54,
    45,
    36,
    27,
    18,
    18,
    18
  ],
  "characters": []
}