{
  "stadium": "阪神",
  "name": "宝塚記念",
  "grade": 100,
  "ground": 1,
  "distance": 2200,
  "permission": 3,
  "month": 6,
  "half": 2,
  "entryCount": 18,
  "track": 2,
  "turn": 1,
  "targetStatuses": [
    1
  ],
  "minFanCount": 20000,
  "fanCounts": [
    15000,
    6000,
    3750,
    2250,
    1500,
    1350,
    1200,
    1050,
    900,
    750,
    600,
    450,
    375,
    300,
    225,
    150,
    150,
    150
  ],
  "characters": [
    "アイネスフウジン",
    "アグネスタキオン",
    "アグネスデジタル",
    "アドマイヤベガ",
    "イナリワン",
    "ウイニングチケット",
    "ウオッカ",
    "エアグルーヴ",
    "エアシャカール",
    "エイシンフラッシュ",
    "エルコンドルパサー",
    "オグリキャップ",
    "カレンチャン",
    "カワカミプリンセス",
    "キングヘイロー",
    "グラスワンダー",
    "ゴールドシチー",
    "ゴールドシップ",
    "サイレンススズカ",
    "サクラバクシンオー",
    "シンコウウインディ",
    "シンボリルドルフ",
    "シーキングザパール",
    "スイープトウショウ",
    "スペシャルウィーク",
    "スマートファルコン",
    "スーパークリーク",
    "セイウンスカイ",
    "ゼンノロブロイ",
    "タイキシャトル",
    "タマモクロス",
    "ダイワスカーレット",
    "テイエムオペラオー",
    "トウカイテイオー",
    "トーセンジョーダン",
    "ナイスネイチャ",
    "ナカヤマフェスタ",
    "ナリタタイシン",
    "ナリタブライアン",
    "ニシノフラワー",
    "ハルウララ",
    "バンブーメモリー",
    "ヒシアケボノ",
    "ヒシアマゾン",
    "ビコーペガサス",
    "ビワハヤヒデ",
    "ファインモーション",
    "フジキセキ",
    "マチカネフクキタル",
    "マヤノトップガン",
    "マルゼンスキー",
    "マンハッタンカフェ",
    "マーベラスサンデー",
    "ミスターシービー",
    "ミホノブルボン",
    "メイショウドトウ",
    "メジロドーベル",
    "ユキノビジン"
  ]
}