{
  "options": [
    "Option<name=,type=MAIN,event=0/0,pos=(118, 438)>",
    "Option<name=樫本理子,type=SUPPORT,event=0/5,pos=(118, 332)>"
  ]
}