{
  "チアメガホン": {
    "exchange": 2.564256666666669,
    "expectedExchange": 35.699999999999996,
    "shouldUseDirectly": false,
    "training": {
      "speed-10": {
        "effect": 2.4668333333333337,
        "expectedEffect": 26.8
      },
      "stamina-10": {
        "effect": 2.4668333333333337,
        "expectedEffect": 26.8
      },
      "power-10": {
        "effect": 1.4256333333333338,
        "expectedEffect": 26.8
      },
      "guts-10": {
        "effect": 2.2752499999999998,
        "expectedEffect": 26.8
      },
      "wisdom-10": {
        "effect": 2.661680000000004,
        "expectedEffect": 26.8
      },
      "speed-10-fail-40": {
        "effect": 1.5580000000000016,
        "expectedEffect": 26.8
      }
    },
    "maxRaceEffect": 0
  },
  "スパルタメガホン": {
    "exchange": 5.114340000000001,
    "expectedExchange": 45.9,
    "shouldUseDirectly": false,
    "training": {
      "speed-10": {
        "effect": 4.921000000000001,
        "expectedEffect": 36.85
      },
      "stamina-10": {
        "effect": 4.921000000000001,
        "expectedEffect": 36.85
      },
      "power-10": {
        "effect": 2.845355555555555,
        "expectedEffect": 36.85
      },
      "guts-10": {
        "effect": 4.531499999999998,
        "expectedEffect": 36.85
      },
      "wisdom-10": {
        "effect": 5.307680000000001,
        "expectedEffect": 36.85
      },
      "speed-10-fail-40": {
        "effect": 3.1080000000000005,
        "expectedEffect": 36.85
      }
    },
    "maxRaceEffect": 0
  },
  "ブートキャンプメガホン": {
    "exchange": 7.650250000000001,
    "expectedExchange": 56.1,
    "shouldUseDirectly": false,
    "training": {
      "speed-10": {
        "effect": 7.362499999999999,
        "expectedEffect": 46.9
      },
      "stamina-10": {
        "effect": 7.362499999999999,
        "expectedEffect": 46.9
      },
      "power-10": {
        "effect": 4.259166666666667,
        "expectedEffect": 46.9
      },
      "guts-10": {
        "effect": 6.768749999999997,
        "expectedEffect": 46.9
      },
      "wisdom-10": {
        "effect": 7.938000000000002,
        "expectedEffect": 46.9
      },
      "speed-10-fail-40": {
        "effect": 4.649999999999999,
        "expectedEffect": 46.9
      }
    },
    "maxRaceEffect": 0
  },
  "スピードアンクルウェイト": {
    "exchange": 5.917,
    "expectedExchange": 42.5,
    "shouldUseDirectly": false,
    "training": {
      "speed-10": {
        "effect": 6.143333333333333,
        "expectedEffect": 33.5
      },
      "stamina-10": {
        "effect": 0,
        "expectedEffect": 33.5
      },
      "power-10": {
        "effect": 0,
        "expectedEffect": 33.5
      },
      "guts-10": {
        "effect": 0,
        "expectedEffect": 33.5
      },
      "wisdom-10": {
        "effect": 0,
        "expectedEffect": 33.5
      },
      "speed-10-fail-40": {
        "effect": 3.880000000000001,
        "expectedEffect": 33.5
      }
    },
    "maxRaceEffect": 0
  },
  "スタミナアンクルウェイト": {
    "exchange": 6.143333333333333,
    "expectedExchange": 42.5,
    "shouldUseDirectly": false,
    "training": {
      "speed-10": {
        "effect": 0,
        "expectedEffect": 33.5
      },
      "stamina-10": {
        "effect": 6.143333333333333,
        "expectedEffect": 33.5
      },
      "power-10": {
        "effect": 0,
        "expectedEffect": 33.5
      },
      "guts-10": {
        "effect": 0,
        "expectedEffect": 33.5
      },
      "wisdom-10": {
        "effect": 0,
        "expectedEffect": 33.5
      },
      "speed-10-fail-40": {
        "effect": 0,
        "expectedEffect": 33.5
      }
    },
    "maxRaceEffect": 0
  },
  "パワーアンクルウェイト": {
    "exchange": 3.553000000000001,
    "expectedExchange": 42.5,
    "shouldUseDirectly": false,
    "training": {
      "speed-10": {
        "effect": 0,
        "expectedEffect": 33.5
      },
      "stamina-10": {
        "effect": 0,
        "expectedEffect": 33.5
      },
      "power-10": {
        "effect": 3.553000000000001,
        "expectedEffect": 33.5
      },
      "guts-10": {
        "effect": 0,
        "expectedEffect": 33.5
      },
      "wisdom-10": {
        "effect": 0,
        "expectedEffect": 33.5
      },
      "speed-10-fail-40": {
        "effect": 0,
        "expectedEffect": 33.5
      }
    },
    "maxRaceEffect": 0
  },
  "根性アンクルウェイト": {
    "exchange": 5.6525,
    "expectedExchange": 42.5,
    "shouldUseDirectly": false,
    "training": {
      "speed-10": {
        "effect": 0,
        "expectedEffect": 33.5
      },
      "stamina-10": {
        "effect": 0,
        "expectedEffect": 33.5
      },
      "power-10": {
        "effect": 0,
        "expectedEffect": 33.5
      },
      "guts-10": {
        "effect": 5.6525,
        "expectedEffect": 33.5
      },
      "wisdom-10": {
        "effect": 0,
        "expectedEffect": 33.5
      },
      "speed-10-fail-40": {
        "effect": 0,
        "expectedEffect": 33.5
      }
    },
    "maxRaceEffect": 0
  }
}