{
  "スピードのメモ帳": {
    "date": [
      1,
      7,
      1
    ],
    "mood": "NORMAL",
    "scenario": "",
    "vitality": 0.7,
    "maxVitality": 100,
    "speed": 203,
    "stamina": 200,
    "power": 150,
    "guts": 150,
    "wisdom": 150,
    "fanCount": 0,
    "turf": "A",
    "dart": "A",
    "sprint": "A",
    "mile": "A",
    "intermediate": "A",
    "long": "A",
    "last": "A",
    "middle": "A",
    "head": "A",
    "lead": "A",
    "conditions": []
  },
  "スタミナのメモ帳": {
    "date": [
      1,
      7,
      1
    ],
    "mood": "NORMAL",
    "scenario": "",
    "vitality": 0.7,
    "maxVitality": 100,
    "speed": 200,
    "stamina": 203,
    "power": 150,
    "guts": 150,
    "wisdom": 150,
    "fanCount": 0,
    "turf": "A",
    "dart": "A",
    "sprint": "A",
    "mile": "A",
    "intermediate": "A",
    "long": "A",
    "last": "A",
    "middle": "A",
    "head": "A",
    "lead": "A",
    "conditions": []
  },
  "パワーのメモ帳": {
    "date": [
      1,
      7,
      1
    ],
    "mood": "NORMAL",
    "scenario": "",
    "vitality": 0.7,
    "maxVitality": 100,
    "speed": 200,
    "stamina": 200,
    "power": 153,
    "guts": 150,
    "wisdom": 150,
    "fanCount": 0,
    "turf": "A",
    "dart": "A",
    "sprint": "A",
    "mile": "A",
    "intermediate": "A",
    "long": "A",
    "last": "A",
    "middle": "A",
    "head": "A",
    "lead": "A",
    "conditions": []
  },
  "根性のメモ帳": {
    "date": [
      1,
      7,
      1
    ],
    "mood": "NORMAL",
    "scenario": "",
    "vitality": 0.7,
    "maxVitality": 100,
    "speed": 200,
    "stamina": 200,
    "power": 150,
    "guts": 153,
    "wisdom": 150,
    "fanCount": 0,
    "turf": "A",
    "dart": "A",
    "sprint": "A",
    "mile": "A",
    "intermediate": "A",
    "long": "A",
    "last": "A",
    "middle": "A",
    "head": "A",
    "lead": "A",
    "conditions": []
  },
  "賢さのメモ帳": {
    "date": [
      1,
      7,
      1
    ],
    "mood": "NORMAL",
    "scenario": "",
    "vitality": 0.7,
    "maxVitality": 100,
    "speed": 200,
    "stamina": 200,
    "power": 150,
    "guts": 150,
    "wisdom": 153,
    "fanCount": 0,
    "turf": "A",
    "dart": "A",
    "sprint": "A",
    "mile": "A",
    "intermediate": "A",
    "long": "A",
    "last": "A",
    "middle": "A",
    "head": "A",
    "lead": "A",
    "conditions": []
  },
  "スピード戦術書": {
    "date": [
      1,
      7,
      1
    ],
    "mood": "NORMAL",
    "scenario": "",
    "vitality": 0.7,
    "maxVitality": 100,
    "speed": 207,
    "stamina": 200,
    "power": 150,
    "guts": 150,
    "wisdom": 150,
    "fanCount": 0,
    "turf": "A",
    "dart": "A",
    "sprint": "A",
    "mile": "A",
    "intermediate": "A",
    "long": "A",
    "last": "A",
    "middle": "A",
    "head": "A",
    "lead": "A",
    "conditions": []
  },
  "スタミナ戦術書": {
    "date": [
      1,
      7,
      1
    ],
    "mood": "NORMAL",
    "scenario": "",
    "vitality": 0.7,
    "maxVitality": 100,
    "speed": 200,
    "stamina": 207,
    "power": 150,
    "guts": 150,
    "wisdom": 150,
    "fanCount": 0,
    "turf": "A",
    "dart": "A",
    "sprint": "A",
    "mile": "A",
    "intermediate": "A",
    "long": "A",
    "last": "A",
    "middle": "A",
    "head": "A",
    "lead": "A",
    "conditions": []
  },
  "パワー戦術書": {
    "date": [
      1,
      7,
      1
    ],
    "mood": "NORMAL",
    "scenario": "",
    "vitality": 0.7,
    "maxVitality": 100,
    "speed": 200,
    "stamina": 200,
    "power": 157,
    "guts": 150,
    "wisdom": 150,
    "fanCount": 0,
    "turf": "A",
    "dart": "A",
    "sprint": "A",
    "mile": "A",
    "intermediate": "A",
    "long": "A",
    "last": "A",
    "middle": "A",
    "head": "A",
    "lead": "A",
    "conditions": []
  },
  "根性戦術書": {
    "date": [
      1,
      7,
      1
    ],
    "mood": "NORMAL",
    "scenario": "",
    "vitality": 0.7,
    "maxVitality": 100,
    "speed": 200,
    "stamina": 200,
    "power": 150,
    "guts": 157,
    "wisdom": 150,
    "fanCount": 0,
    "turf": "A",
    "dart": "A",
    "sprint": "A",
    "mile": "A",
    "intermediate": "A",
    "long": "A",
    "last": "A",
    "middle": "A",
    "head": "A",
    "lead": "A",
    "conditions": []
  },
  "賢さ戦術書": {
    "date": [
      1,
      7,
      1
    ],
    "mood": "NORMAL",
    "scenario": "",
    "vitality": 0.7,
    "maxVitality": 100,
    "speed": 200,
    "stamina": 200,
    "power": 150,
    "guts": 150,
    "wisdom": 157,
    "fanCount": 0,
    "turf": "A",
    "dart": "A",
    "sprint": "A",
    "mile": "A",
    "intermediate": "A",
    "long": "A",
    "last": "A",
    "middle": "A",
    "head": "A",
    "lead": "A",
    "conditions": []
  },
  "スピード秘伝書": {
    "date": [
      1,
      7,
      1
    ],
    "mood": "NORMAL",
    "scenario": "",
    "vitality": 0.7,
    "maxVitality": 100,
    "speed": 215,
    "stamina": 200,
    "power": 150,
    "guts": 150,
    "wisdom": 150,
    "fanCount": 0,
    "turf": "A",
    "dart": "A",
    "sprint": "A",
    "mile": "A",
    "intermediate": "A",
    "long": "A",
    "last": "A",
    "middle": "A",
    "head": "A",
    "lead": "A",
    "conditions": []
  },
  "スタミナ秘伝書": {
    "date": [
      1,
      7,
      1
    ],
    "mood": "NORMAL",
    "scenario": "",
    "vitality": 0.7,
    "maxVitality": 100,
    "speed": 200,
    "stamina": 215,
    "power": 150,
    "guts": 150,
    "wisdom": 150,
    "fanCount": 0,
    "turf": "A",
    "dart": "A",
    "sprint": "A",
    "mile": "A",
    "intermediate": "A",
    "long": "A",
    "last": "A",
    "middle": "A",
    "head": "A",
    "lead": "A",
    "conditions": []
  },
  "パワー秘伝書": {
    "date": [
      1,
      7,
      1
    ],
    "mood": "NORMAL",
    "scenario": "",
    "vitality": 0.7,
    "maxVitality": 100,
    "speed": 200,
    "stamina": 200,
    "power": 165,
    "guts": 150,
    "wisdom": 150,
    "fanCount": 0,
    "turf": "A",
    "dart": "A",
    "sprint": "A",
    "mile": "A",
    "intermediate": "A",
    "long": "A",
    "last": "A",
    "middle": "A",
    "head": "A",
    "lead": "A",
    "conditions": []
  },
  "根性秘伝書": {
    "date": [
      1,
      7,
      1
    ],
    "mood": "NORMAL",
    "scenario": "",
    "vitality": 0.7,
    "maxVitality": 100,
    "speed": 200,
    "stamina": 200,
    "power": 150,
    "guts": 165,
    "wisdom": 150,
    "fanCount": 0,
    "turf": "A",
    "dart": "A",
    "sprint": "A",
    "mile": "A",
    "intermediate": "A",
    "long": "A",
    "last": "A",
    "middle": "A",
    "head": "A",
    "lead": "A",
    "conditions": []
  },
  "賢さ秘伝書": {
    "date": [
      1,
      7,
      1
    ],
    "mood": "NORMAL",
    "scenario": "",
    "vitality": 0.7,
    "maxVitality": 100,
    "speed": 200,
    "stamina": 200,
    "power": 150,
    "guts": 150,
    "wisdom": 165,
    "fanCount": 0,
    "turf": "A",
    "dart": "A",
    "sprint": "A",
    "mile": "A",
    "intermediate": "A",
    "long": "A",
    "last": "A",
    "middle": "A",
    "head": "A",
    "lead": "A",
    "conditions": []
  },
  "バイタル20": {
    "date": [
      1,
      7,
      1
    ],
    "mood": "NORMAL",
    "scenario": "",
    "vitality": 0.8999999999999999,
    "maxVitality": 100,
    "speed": 200,
    "stamina": 200,
    "power": 150,
    "guts": 150,
    "wisdom": 150,
    "fanCount": 0,
    "turf": "A",
    "dart": "A",
    "sprint": "A",
    "mile": "A",
    "intermediate": "A",
    "long": "A",
    "last": "A",
    "middle": "A",
    "head": "A",
    "lead": "A",
    "conditions": []
  },
  "バイタル40": {
    "date": [
      1,
      7,
      1
    ],
    "mood": "NORMAL",
    "scenario": "",
    "vitality": 1.0,
    "maxVitality": 100,
    "speed": 200,
    "stamina": 200,
    "power": 150,
    "guts": 150,
    "wisdom": 150,
    "fanCount": 0,
    "turf": "A",
    "dart": "A",
    "sprint": "A",
    "mile": "A",
    "intermediate": "A",
    "long": "A",
    "last": "A",
    "middle": "A",
    "head": "A",
    "lead": "A",
    "conditions": []
  },
  "バイタル65": {
    "date": [
      1,
      7,
      1
    ],
    "mood": "NORMAL",
    "scenario": "",
    "vitality": 1.0,
    "maxVitality": 100,
    "speed": 200,
    "stamina": 200,
    "power": 150,
    "guts": 150,
    "wisdom": 150,
    "fanCount": 0,
    "turf": "A",
    "dart": "A",
    "sprint": "A",
    "mile": "A",
    "intermediate": "A",
    "long": "A",
    "last": "A",
    "middle": "A",
    "head": "A",
    "lead": "A",
    "conditions": []
  },
  "ロイヤルビタージュース": {
    "date": [
      1,
      7,
      1
    ],
    "mood": "BAD",
    "scenario": "",
    "vitality": 1.0,
    "maxVitality": 100,
    "speed": 200,
    "stamina": 200,
    "power": 150,
    "guts": 150,
    "wisdom": 150,
    "fanCount": 0,
    "turf": "A",
    "dart": "A",
    "sprint": "A",
    "mile": "A",
    "intermediate": "A",
    "long": "A",
    "last": "A",
    "middle": "A",
    "head": "A",
    "lead": "A",
    "conditions": []
  },
  "エネドリンクMAX": {
    "date": [
      1,
      7,
      1
    ],
    "mood": "NORMAL",
    "scenario": "",
    "vitality": 0.75,
    "maxVitality": 104,
    "speed": 200,
    "stamina": 200,
    "power": 150,
    "guts": 150,
    "wisdom": 150,
    "fanCount": 0,
    "turf": "A",
    "dart": "A",
    "sprint": "A",
    "mile": "A",
    "intermediate": "A",
    "long": "A",
    "last": "A",
    "middle": "A",
    "head": "A",
    "lead": "A",
    "conditions": []
  },
  "ロングエネドリンクMAX": {
    "date": [
      1,
      7,
      1
    ],
    "mood": "NORMAL",
    "scenario": "",
    "vitality": 0.7,
    "maxVitality": 108,
    "speed": 200,
    "stamina": 200,
    "power": 150,
    "guts": 150,
    "wisdom": 150,
    "fanCount": 0,
    "turf": "A",
    "dart": "A",
    "sprint": "A",
    "mile": "A",
    "intermediate": "A",
    "long": "A",
    "last": "A",
    "middle": "A",
    "head": "A",
    "lead": "A",
    "conditions": []
  },
  "プレーンカップケーキ": {
    "date": [
      1,
      7,
      1
    ],
    "mood": "GOOD",
    "scenario": "",
    "vitality": 0.7,
    "maxVitality": 100,
    "speed": 200,
    "stamina": 200,
    "power": 150,
    "guts": 150,
    "wisdom": 150,
    "fanCount": 0,
    "turf": "A",
    "dart": "A",
    "sprint": "A",
    "mile": "A",
    "intermediate": "A",
    "long": "A",
    "last": "A",
    "middle": "A",
    "head": "A",
    "lead": "A",
    "conditions": []
  },
  "スイートカップケーキ": {
    "date": [
      1,
      7,
      1
    ],
    "mood": "VERY_GOOD",
    "scenario": "",
    "vitality": 0.7,
    "maxVitality": 100,
    "speed": 200,
    "stamina": 200,
    "power": 150,
    "guts": 150,
    "wisdom": 150,
    "fanCount": 0,
    "turf": "A",
    "dart": "A",
    "sprint": "A",
    "mile": "A",
    "intermediate": "A",
    "long": "A",
    "last": "A",
    "middle": "A",
    "head": "A",
    "lead": "A",
    "conditions": []
  },
  "おいしい猫缶": {
    "date": [
      1,
      7,
      1
    ],
    "mood": "NORMAL",
    "scenario": "",
    "vitality": 0.7,
    "maxVitality": 100,
    "speed": 200,
    "stamina": 200,
    "power": 150,
    "guts": 150,
    "wisdom": 150,
    "fanCount": 0,
    "turf": "A",
    "dart": "A",
    "sprint": "A",
    "mile": "A",
    "intermediate": "A",
    "long": "A",
    "last": "A",
    "middle": "A",
    "head": "A",
    "lead": "A",
    "conditions": []
  },
  "にんじんBBQセット": {
    "date": [
      1,
      7,
      1
    ],
    "mood": "NORMAL",
    "scenario": "",
    "vitality": 0.7,
    "maxVitality": 100,
    "speed": 200,
    "stamina": 200,
    "power": 150,
    "guts": 150,
    "wisdom": 150,
    "fanCount": 0,
    "turf": "A",
    "dart": "A",
    "sprint": "A",
    "mile": "A",
    "intermediate": "A",
    "long": "A",
    "last": "A",
    "middle": "A",
    "head": "A",
    "lead": "A",
    "conditions": []
  },
  "プリティーミラー": {
    "date": [
      1,
      7,
      1
    ],
    "mood": "NORMAL",
    "scenario": "",
    "vitality": 0.7,
    "maxVitality": 100,
    "speed": 200,
    "stamina": 200,
    "power": 150,
    "guts": 150,
    "wisdom": 150,
    "fanCount": 0,
    "turf": "A",
    "dart": "A",
    "sprint": "A",
    "mile": "A",
    "intermediate": "A",
    "long": "A",
    "last": "A",
    "middle": "A",
    "head": "A",
    "lead": "A",
    "conditions": [
      8
    ]
  },
  "名物記者の双眼鏡": {
    "date": [
      1,
      7,
      1
    ],
    "mood": "NORMAL",
    "scenario": "",
    "vitality": 0.7,
    "maxVitality": 100,
    "speed": 200,
    "stamina": 200,
    "power": 150,
    "guts": 150,
    "wisdom": 150,
    "fanCount": 0,
    "turf": "A",
    "dart": "A",
    "sprint": "A",
    "mile": "A",
    "intermediate": "A",
    "long": "A",
    "last": "A",
    "middle": "A",
    "head": "A",
    "lead": "A",
    "conditions": [
      9
    ]
  },
  "効率練習のススメ": {
    "date": [
      1,
      7,
      1
    ],
    "mood": "NORMAL",
    "scenario": "",
    "vitality": 0.7,
    "maxVitality": 100,
    "speed": 200,
    "stamina": 200,
    "power": 150,
    "guts": 150,
    "wisdom": 150,
    "fanCount": 0,
    "turf": "A",
    "dart": "A",
    "sprint": "A",
    "mile": "A",
    "intermediate": "A",
    "long": "A",
    "last": "A",
    "middle": "A",
    "head": "A",
    "lead": "A",
    "conditions": [
      10
    ]
  },
  "博学帽子": {
    "date": [
      1,
      7,
      1
    ],
    "mood": "NORMAL",
    "scenario": "",
    "vitality": 0.7,
    "maxVitality": 100,
    "speed": 200,
    "stamina": 200,
    "power": 150,
    "guts": 150,
    "wisdom": 150,
    "fanCount": 0,
    "turf": "A",
    "dart": "A",
    "sprint": "A",
    "mile": "A",
    "intermediate": "A",
    "long": "A",
    "last": "A",
    "middle": "A",
    "head": "A",
    "lead": "A",
    "conditions": [
      7
    ]
  },
  "すやすや安眠枕": {
    "date": [
      1,
      7,
      1
    ],
    "mood": "NORMAL",
    "scenario": "",
    "vitality": 0.7,
    "maxVitality": 100,
    "speed": 200,
    "stamina": 200,
    "power": 150,
    "guts": 150,
    "wisdom": 150,
    "fanCount": 0,
    "turf": "A",
    "dart": "A",
    "sprint": "A",
    "mile": "A",
    "intermediate": "A",
    "long": "A",
    "last": "A",
    "middle": "A",
    "head": "A",
    "lead": "A",
    "conditions": []
  },
  "ポケットスケジュール帳": {
    "date": [
      1,
      7,
      1
    ],
    "mood": "NORMAL",
    "scenario": "",
    "vitality": 0.7,
    "maxVitality": 100,
    "speed": 200,
    "stamina": 200,
    "power": 150,
    "guts": 150,
    "wisdom": 150,
    "fanCount": 0,
    "turf": "A",
    "dart": "A",
    "sprint": "A",
    "mile": "A",
    "intermediate": "A",
    "long": "A",
    "last": "A",
    "middle": "A",
    "head": "A",
    "lead": "A",
    "conditions": []
  },
  "うるおいハンドクリーム": {
    "date": [
      1,
      7,
      1
    ],
    "mood": "NORMAL",
    "scenario": "",
    "vitality": 0.7,
    "maxVitality": 100,
    "speed": 200,
    "stamina": 200,
    "power": 150,
    "guts": 150,
    "wisdom": 150,
    "fanCount": 0,
    "turf": "A",
    "dart": "A",
    "sprint": "A",
    "mile": "A",
    "intermediate": "A",
    "long": "A",
    "last": "A",
    "middle": "A",
    "head": "A",
    "lead": "A",
    "conditions": []
  },
  "スリムスキャナー": {
    "date": [
      1,
      7,
      1
    ],
    "mood": "NORMAL",
    "scenario": "",
    "vitality": 0.7,
    "maxVitality": 100,
    "speed": 200,
    "stamina": 200,
    "power": 150,
    "guts": 150,
    "wisdom": 150,
    "fanCount": 0,
    "turf": "A",
    "dart": "A",
    "sprint": "A",
    "mile": "A",
    "intermediate": "A",
    "long": "A",
    "last": "A",
    "middle": "A",
    "head": "A",
    "lead": "A",
    "conditions": []
  },
  "アロマディフューザー": {
    "date": [
      1,
      7,
      1
    ],
    "mood": "NORMAL",
    "scenario": "",
    "vitality": 0.7,
    "maxVitality": 100,
    "speed": 200,
    "stamina": 200,
    "power": 150,
    "guts": 150,
    "wisdom": 150,
    "fanCount": 0,
    "turf": "A",
    "dart": "A",
    "sprint": "A",
    "mile": "A",
    "intermediate": "A",
    "long": "A",
    "last": "A",
    "middle": "A",
    "head": "A",
    "lead": "A",
    "conditions": []
  },
  "練習改善DVD": {
    "date": [
      1,
      7,
      1
    ],
    "mood": "NORMAL",
    "scenario": "",
    "vitality": 0.7,
    "maxVitality": 100,
    "speed": 200,
    "stamina": 200,
    "power": 150,
    "guts": 150,
    "wisdom": 150,
    "fanCount": 0,
    "turf": "A",
    "dart": "A",
    "sprint": "A",
    "mile": "A",
    "intermediate": "A",
    "long": "A",
    "last": "A",
    "middle": "A",
    "head": "A",
    "lead": "A",
    "conditions": []
  },
  "ナンデモナオール": {
    "date": [
      1,
      7,
      1
    ],
    "mood": "NORMAL",
    "scenario": "",
    "vitality": 0.7,
    "maxVitality": 100,
    "speed": 200,
    "stamina": 200,
    "power": 150,
    "guts": 150,
    "wisdom": 150,
    "fanCount": 0,
    "turf": "A",
    "dart": "A",
    "sprint": "A",
    "mile": "A",
    "intermediate": "A",
    "long": "A",
    "last": "A",
    "middle": "A",
    "head": "A",
    "lead": "A",
    "conditions": []
  },
  "スピードトレーニング嘆願書": {
    "date": [
      1,
      7,
      1
    ],
    "mood": "NORMAL",
    "scenario": "",
    "vitality": 0.7,
    "maxVitality": 100,
    "speed": 200,
    "stamina": 200,
    "power": 150,
    "guts": 150,
    "wisdom": 150,
    "fanCount": 0,
    "turf": "A",
    "dart": "A",
    "sprint": "A",
    "mile": "A",
    "intermediate": "A",
    "long": "A",
    "last": "A",
    "middle": "A",
    "head": "A",
    "lead": "A",
    "conditions": []
  },
  "スタミナトレーニング嘆願書": {
    "date": [
      1,
      7,
      1
    ],
    "mood": "NORMAL",
    "scenario": "",
    "vitality": 0.7,
    "maxVitality": 100,
    "speed": 200,
    "stamina": 200,
    "power": 150,
    "guts": 150,
    "wisdom": 150,
    "fanCount": 0,
    "turf": "A",
    "dart": "A",
    "sprint": "A",
    "mile": "A",
    "intermediate": "A",
    "long": "A",
    "last": "A",
    "middle": "A",
    "head": "A",
    "lead": "A",
    "conditions": []
  },
  "パワートレーニング嘆願書": {
    "date": [
      1,
      7,
      1
    ],
    "mood": "NORMAL",
    "scenario": "",
    "vitality": 0.7,
    "maxVitality": 100,
    "speed": 200,
    "stamina": 200,
    "power": 150,
    "guts": 150,
    "wisdom": 150,
    "fanCount": 0,
    "turf": "A",
    "dart": "A",
    "sprint": "A",
    "mile": "A",
    "intermediate": "A",
    "long": "A",
    "last": "A",
    "middle": "A",
    "head": "A",
    "lead": "A",
    "conditions": []
  },
  "根性トレーニング嘆願書": {
    "date": [
      1,
      7,
      1
    ],
    "mood": "NORMAL",
    "scenario": "",
    "vitality": 0.7,
    "maxVitality": 100,
    "speed": 200,
    "stamina": 200,
    "power": 150,
    "guts": 150,
    "wisdom": 150,
    "fanCount": 0,
    "turf": "A",
    "dart": "A",
    "sprint": "A",
    "mile": "A",
    "intermediate": "A",
    "long": "A",
    "last": "A",
    "middle": "A",
    "head": "A",
    "lead": "A",
    "conditions": []
  },
  "賢さトレーニング嘆願書": {
    "date": [
      1,
      7,
      1
    ],
    "mood": "NORMAL",
    "scenario": "",
    "vitality": 0.7,
    "maxVitality": 100,
    "speed": 200,
    "stamina": 200,
    "power": 150,
    "guts": 150,
    "wisdom": 150,
    "fanCount": 0,
    "turf": "A",
    "dart": "A",
    "sprint": "A",
    "mile": "A",
    "intermediate": "A",
    "long": "A",
    "last": "A",
    "middle": "A",
    "head": "A",
    "lead": "A",
    "conditions": []
  },
  "リセットホイッスル": {
    "date": [
      1,
      7,
      1
    ],
    "mood": "NORMAL",
    "scenario": "",
    "vitality": 0.7,
    "maxVitality": 100,
    "speed": 200,
    "stamina": 200,
    "power": 150,
    "guts": 150,
    "wisdom": 150,
    "fanCount": 0,
    "turf": "A",
    "dart": "A",
    "sprint": "A",
    "mile": "A",
    "intermediate": "A",
    "long": "A",
    "last": "A",
    "middle": "A",
    "head": "A",
    "lead": "A",
    "conditions": []
  },
  "チアメガホン": {
    "date": [
      1,
      7,
      1
    ],
    "mood": "NORMAL",
    "scenario": "",
    "vitality": 0.7,
    "maxVitality": 100,
    "speed": 200,
    "stamina": 200,
    "power": 150,
    "guts": 150,
    "wisdom": 150,
    "fanCount": 0,
    "turf": "A",
    "dart": "A",
    "sprint": "A",
    "mile": "A",
    "intermediate": "A",
    "long": "A",
    "last": "A",
    "middle": "A",
    "head": "A",
    "lead": "A",
    "conditions": []
  },
  "スパルタメガホン": {
    "date": [
      1,
      7,
      1
    ],
    "mood": "NORMAL",
    "scenario": "",
    "vitality": 0.7,
    "maxVitality": 100,
    "speed": 200,
    "stamina": 200,
    "power": 150,
    "guts": 150,
    "wisdom": 150,
    "fanCount": 0,
    "turf": "A",
    "dart": "A",
    "sprint": "A",
    "mile": "A",
    "intermediate": "A",
    "long": "A",
    "last": "A",
    "middle": "A",
    "head": "A",
    "lead": "A",
    "conditions": []
  },
  "ブートキャンプメガホン": {
    "date": [
      1,
      7,
      1
    ],
    "mood": "NORMAL",
    "scenario": "",
    "vitality": 0.7,
    "maxVitality": 100,
    "speed": 200,
    "stamina": 200,
    "power": 150,
    "guts": 150,
    "wisdom": 150,
    "fanCount": 0,
    "turf": "A",
    "dart": "A",
    "sprint": "A",
    "mile": "A",
    "intermediate": "A",
    "long": "A",
    "last": "A",
    "middle": "A",
    "head": "A",
    "lead": "A",
    "conditions": []
  },
  "スピードアンクルウェイト": {
    "date": [
      1,
      7,
      1
    ],
    "mood": "NORMAL",
    "scenario": "",
    "vitality": 0.7,
    "maxVitality": 100,
    "speed": 200,
    "stamina": 200,
    "power": 150,
    "guts": 150,
    "wisdom": 150,
    "fanCount": 0,
    "turf": "A",
    "dart": "A",
    "sprint": "A",
    "mile": "A",
    "intermediate": "A",
    "long": "A",
    "last": "A",
    "middle": "A",
    "head": "A",
    "lead": "A",
    "conditions": []
  },
  "スタミナアンクルウェイト": {
    "date": [
      1,
      7,
      1
    ],
    "mood": "NORMAL",
    "scenario": "",
    "vitality": 0.7,
    "maxVitality": 100,
    "speed": 200,
    "stamina": 200,
    "power": 150,
    "guts": 150,
    "wisdom": 150,
    "fanCount": 0,
    "turf": "A",
    "dart": "A",
    "sprint": "A",
    "mile": "A",
    "intermediate": "A",
    "long": "A",
    "last": "A",
    "middle": "A",
    "head": "A",
    "lead": "A",
    "conditions": []
  },
  "パワーアンクルウェイト": {
    "date": [
      1,
      7,
      1
    ],
    "mood": "NORMAL",
    "scenario": "",
    "vitality": 0.7,
    "maxVitality": 100,
    "speed": 200,
    "stamina": 200,
    "power": 150,
    "guts": 150,
    "wisdom": 150,
    "fanCount": 0,
    "turf": "A",
    "dart": "A",
    "sprint": "A",
    "mile": "A",
    "intermediate": "A",
    "long": "A",
    "last": "A",
    "middle": "A",
    "head": "A",
    "lead": "A",
    "conditions": []
  },
  "根性アンクルウェイト": {
    "date": [
      1,
      7,
      1
    ],
    "mood": "NORMAL",
    "scenario": "",
    "vitality": 0.7,
    "maxVitality": 100,
    "speed": 200,
    "stamina": 200,
    "power": 150,
    "guts": 150,
    "wisdom": 150,
    "fanCount": 0,
    "turf": "A",
    "dart": "A",
    "sprint": "A",
    "mile": "A",
    "intermediate": "A",
    "long": "A",
    "last": "A",
    "middle": "A",
    "head": "A",
    "lead": "A",
    "conditions": []
  },
  "健康祈願のお守り": {
    "date": [
      1,
      7,
      1
    ],
    "mood": "NORMAL",
    "scenario": "",
    "vitality": 0.7,
    "maxVitality": 100,
    "speed": 200,
    "stamina": 200,
    "power": 150,
    "guts": 150,
    "wisdom": 150,
    "fanCount": 0,
    "turf": "A",
    "dart": "A",
    "sprint": "A",
    "mile": "A",
    "intermediate": "A",
    "long": "A",
    "last": "A",
    "middle": "A",
    "head": "A",
    "lead": "A",
    "conditions": []
  },
  "蹄鉄ハンマー・匠": {
    "date": [
      1,
      7,
      1
    ],
    "mood": "NORMAL",
    "scenario": "",
    "vitality": 0.7,
    "maxVitality": 100,
    "speed": 200,
    "stamina": 200,
    "power": 150,
    "guts": 150,
    "wisdom": 150,
    "fanCount": 0,
    "turf": "A",
    "dart": "A",
    "sprint": "A",
    "mile": "A",
    "intermediate": "A",
    "long": "A",
    "last": "A",
    "middle": "A",
    "head": "A",
    "lead": "A",
    "conditions": []
  },
  "蹄鉄ハンマー・極": {
    "date": [
      1,
      7,
      1
    ],
    "mood": "NORMAL",
    "scenario": "",
    "vitality": 0.7,
    "maxVitality": 100,
    "speed": 200,
    "stamina": 200,
    "power": 150,
    "guts": 150,
    "wisdom": 150,
    "fanCount": 0,
    "turf": "A",
    "dart": "A",
    "sprint": "A",
    "mile": "A",
    "intermediate": "A",
    "long": "A",
    "last": "A",
    "middle": "A",
    "head": "A",
    "lead": "A",
    "conditions": []
  },
  "三色ペンライト": {
    "date": [
      1,
      7,
      1
    ],
    "mood": "NORMAL",
    "scenario": "",
    "vitality": 0.7,
    "maxVitality": 100,
    "speed": 200,
    "stamina": 200,
    "power": 150,
    "guts": 150,
    "wisdom": 150,
    "fanCount": 0,
    "turf": "A",
    "dart": "A",
    "sprint": "A",
    "mile": "A",
    "intermediate": "A",
    "long": "A",
    "last": "A",
    "middle": "A",
    "head": "A",
    "lead": "A",
    "conditions": []
  }
}