{
  "蹄鉄ハンマー・匠": {
    "ジュニア級未勝利戦": {
      "rewardBuff": 0.2,
      "fanCounts": [
        500,
        200,
        125,
        75,
        50,
        45,
        40,
        35,
        30,
        25,
        20,
        15,
        13,
        10,
        8,
        5,
        5,
        5
      ]
    },
    "朝日杯フューチュリティステークス": {
      "rewardBuff": 0.2,
      "fanCounts": [
        7000,
        2800,
        1750,
        1050,
        700,
        630,
        560,
        490,
        420,
        350,
        280,
        210,
        175,
        140,
        105,
        70,
        70,
        70
      ]
    },
    "東京優駿（日本ダービー）": {
      "rewardBuff": 0.2,
      "fanCounts": [
        20000,
        8000,
        5000,
        3000,
        2000,
        1800,
        1600,
        1400,
        1200,
        1000,
        800,
        600,
        500,
        400,
        300,
        200,
        200,
        200
      ]
    },
    "ジャパンダートダービー": {
      "rewardBuff": 0.2,
      "fanCounts": [
        4500,
        1800,
        1125,
        675,
        450,
        405,
        360,
        315,
        270,
        225,
        180,
        135,
        113,
        90,
        68,
        45,
        45,
        45
      ]
    },
    "菊花賞": {
      "rewardBuff": 0.2,
      "fanCounts": [
        12000,
        4800,
        3000,
        1800,
        1200,
        1080,
        960,
        840,
        720,
        600,
        480,
        360,
        300,
        240,
        180,
        120,
        120,
        120
      ]
    },
    "有馬記念": {
      "rewardBuff": 0.2,
      "fanCounts": [
        30000,
        12000,
        7500,
        4500,
        3000,
        2700,
        2400,
        2100,
        1800,
        1500,
        1200,
        900,
        750,
        600,
        450,
        300,
        300,
        300
      ]
    },
    "スプリンターズステークス": {
      "rewardBuff": 0.2,
      "fanCounts": [
        13000,
        5200,
        3250,
        1950,
        1300,
        1170,
        1040,
        910,
        780,
        650,
        520,
        390,
        325,
        260,
        195,
        130,
        130,
        130
      ]
    }
  },
  "蹄鉄ハンマー・極": {
    "ジュニア級未勝利戦": {
      "rewardBuff": 0.35,
      "fanCounts": [
        500,
        200,
        125,
        75,
        50,
        45,
        40,
        35,
        30,
        25,
        20,
        15,
        13,
        10,
        8,
        5,
        5,
        5
      ]
    },
    "朝日杯フューチュリティステークス": {
      "rewardBuff": 0.35,
      "fanCounts": [
        7000,
        2800,
        1750,
        1050,
        700,
        630,
        560,
        490,
        420,
        350,
        280,
        210,
        175,
        140,
        105,
        70,
        70,
        70
      ]
    },
    "東京優駿（日本ダービー）": {
      "rewardBuff": 0.35,
      "fanCounts": [
        20000,
        8000,
        5000,
        3000,
        2000,
        1800,
        1600,
        1400,
        1200,
        1000,
        800,
        600,
        500,
        400,
        300,
        200,
        200,
        200
      ]
    },
    "ジャパンダートダービー": {
      "rewardBuff": 0.35,
      "fanCounts": [
        4500,
        1800,
        1125,
        675,
        450,
        405,
        360,
        315,
        270,
        225,
        180,
        135,
        113,
        90,
        68,
        45,
        45,
        45
      ]
    },
    "菊花賞": {
      "rewardBuff": 0.35,
      "fanCounts": [
        12000,
        4800,
        3000,
        1800,
        1200,
        1080,
        960,
        840,
        720,
        600,
        480,
        360,
        300,
        240,
        180,
        120,
        120,
        120
      ]
    },
    "有馬記念": {
      "rewardBuff": 0.35,
      "fanCounts": [
        30000,
        12000,
        7500,
        4500,
        3000,
        2700,
        2400,
        2100,
        1800,
        1500,
        1200,
        900,
        750,
        600,
        450,
        300,
        300,
        300
      ]
    },
    "スプリンターズステークス": {
      "rewardBuff": 0.35,
      "fanCounts": [
        13000,
        5200,
        3250,
        1950,
        1300,
        1170,
        1040,
        910,
        780,
        650,
        520,
        390,
        325,
        260,
        195,
        130,
        130,
        130
      ]
    }
  },
  "三色ペンライト": {
    "ジュニア級未勝利戦": {
      "rewardBuff": 0.0,
      "fanCounts": [
        750,
        300,
        188,
        112,
        75,
        68,
        60,
        52,
        45,
        38,
        30,
        22,
        20,
        15,
        12,
        8,
        8,
        8
      ]
    },
    "朝日杯フューチュリティステークス": {
      "rewardBuff": 0.0,
      "fanCounts": [
        10500,
        4200,
        2625,
        1575,
        1050,
        945,
        840,
        735,
        630,
        525,
        420,
        315,
        262,
        210,
        158,
        105,
        105,
        105
      ]
    },
    "東京優駿（日本ダービー）": {
      "rewardBuff": 0.0,
      "fanCounts": [
        30000,
        12000,
        7500,
        4500,
        3000,
        2700,
        2400,
        2100,
        1800,
        1500,
        1200,
        900,
        750,
        600,
        450,
        300,
        300,
        300
      ]
    },
    "ジャパンダートダービー": {
      "rewardBuff": 0.0,
      "fanCounts": [
        6750,
        2700,
        1688,
        1012,
        675,
        608,
        540,
        472,
        405,
        338,
        270,
        202,
        170,
        135,
        102,
        68,
        68,
        68
      ]
    },
    "菊花賞": {
      "rewardBuff": 0.0,
      "fanCounts": [
        18000,
        7200,
        4500,
        2700,
        1800,
        1620,
        1440,
        1260,
        1080,
        900,
        720,
        540,
        450,
        360,
        270,
        180,
        180,
        180
      ]
    },
    "有馬記念": {
      "rewardBuff": 0.0,
      "fanCounts": [
        45000,
        18000,
        11250,
        6750,
        4500,
        4050,
        3600,
        3150,
        2700,
        2250,
        1800,
        1350,
        1125,
        900,
        675,
        450,
        450,
        450
      ]
    },
    "スプリンターズステークス": {
      "rewardBuff": 0.0,
      "fanCounts": [
        19500,
        7800,
        4875,
        2925,
        1950,
        1755,
        1560,
        1365,
        1170,
        975,
        780,
        585,
        488,
        390,
        292,
        195,
        195,
        195
      ]
    }
  }
}